// Jest Snapshot v1, https://goo.gl/fbAQLP

exports[`Home Component snapshot it should render the right amount of elements 1`] = `
<div>
  <Slider />
  <div
    className="recipe-wrapper"
  >
    <div
      className="container top"
    >
      <h6
        id="title4"
      >
        Top Recipes
      </h6>
      <div
        className="row"
      >
        <RecipeCard
          key="recipes-1"
          recipeList={
            Object {
              "createdAt": "2018-02-13T22:14:54.283Z",
              "description": "sweet",
              "downVotes": 0,
              "id": 1,
              "image": "/img/toast_qaxxcy.jpg",
              "ingredients": "floor, sugar, butter, salt",
              "preparation": "Mix and bake",
              "recipeName": "Sweet cake",
              "upVotes": 0,
              "updatedAt": "2018-02-18T15:23:59.106Z",
              "userId": 1,
              "views": 0,
            }
          }
        />
      </div>
    </div>
  </div>
</div>
`;
