// Jest Snapshot v1, https://goo.gl/fbAQLP

exports[`RecipeCardDes Component snapshot it should render the right amount of elements 1`] = `
<div
  className="imgholder"
>
  <img />
</div>
`;
